
> frontend@0.1.0 build
> next build

node.exe : ΓÜá 
Warning: Next.js 
inferred your 
workspace root, but 
it may not be 
correct.
At C:\Program Files\n
odejs\npm.ps1:29 
char:3
+   & $NODE_EXE 
$NPM_CLI_JS $args
+   ~~~~~~~~~~~~~~~~~
~~~~~~~~~~~~
    + CategoryInfo   
           : NotSpe  
  cified: (ΓÜá War   
 ning: Ne...not b    
e correct.:Strin    
g) [], RemoteExc    
eption
    + FullyQualified 
   ErrorId : Native  
  CommandError
 
 We detected 
multiple lockfiles 
and selected the 
directory of C:\Users
\sruth\OneDrive\Deskt
op\project robocat\pa
ckage-lock.json as 
the root directory.
 To silence this 
warning, set 
`turbopack.root` in 
your Next.js config, 
or consider removing 
one of the lockfiles 
if it's not needed.
   See https://nextjs
.org/docs/app/api-ref
erence/config/next-co
nfig-js/turbopack#roo
t-directory for more 
information.
 Detected additional 
lockfiles: 
   * C:\Users\sruth\O
neDrive\Desktop\proje
ct robocat\frontend\p
ackage-lock.json

Γû▓ Next.js 16.1.6 (Turbopack)

  Creating an optimized production build ...
Error: Cannot apply 
unknown utility 
class 
`bg-background`. Are 
you using CSS 
modules or similar 
and missing 
`@reference`? https:/
/tailwindcss.com/docs
/functions-and-direct
ives#reference-direct
ive
    [2m[at 
onInvalidCandidate (C
:\Users\sruth\OneDriv
e\Desktop\project rob
ocat\frontend\node_mo
dules\tailwindcss\dis
t\lib.js:21:1314)][0
m
    [2m[at Te (C:\Us
ers\sruth\OneDrive\De
sktop\project robocat
\frontend\node_module
s\tailwindcss\dist\li
b.js:16:36652)][0m
    [2m[at C:\Users\
sruth\OneDrive\Deskto
p\project robocat\fro
ntend\node_modules\ta
ilwindcss\dist\lib.js
:21:355][0m
    [2m[at Rr (C:\Us
ers\sruth\OneDrive\De
sktop\project robocat
\frontend\node_module
s\tailwindcss\dist\li
b.js:3:1718)][0m
    [2m[at _ (C:\Use
rs\sruth\OneDrive\Des
ktop\project robocat\
frontend\node_modules
\tailwindcss\dist\lib
.js:3:1377)][0m
    [2m[at $e (C:\Us
ers\sruth\OneDrive\De
sktop\project robocat
\frontend\node_module
s\tailwindcss\dist\li
b.js:21:172)][0m
    [2m[at un (C:\Us
ers\sruth\OneDrive\De
sktop\project robocat
\frontend\node_module
s\tailwindcss\dist\li
b.js:38:294)][0m
    [2m[at process.p
rocessTicksAndRejecti
ons (node:internal/pr
ocess/task_queues:105
:5)][0m
    [2m[at async cn 
(C:\Users\sruth\OneDr
ive\Desktop\project r
obocat\frontend\node_
modules\tailwindcss\d
ist\lib.js:38:631)][
0m
    [2m[at async Xr 
(C:\Users\sruth\OneDr
ive\Desktop\project r
obocat\frontend\node_
modules\@tailwindcss\
node\dist\index.js:10
:3417)][0m

> Build error 
occurred
Error: Turbopack 
build failed with 1 
errors:
./frontend/app/global
s.css
Error evaluating 
Node.js code
CssSyntaxError: 
tailwindcss: C:\Users
\sruth\OneDrive\Deskt
op\project robocat\fr
ontend\app\globals.cs
s:1:1: Cannot apply 
unknown utility 
class 
`bg-background`. Are 
you using CSS 
modules or similar 
and missing 
`@reference`? https:/
/tailwindcss.com/docs
/functions-and-direct
ives#reference-direct
ive
    at Input.error (f
rontend/node_modules/
postcss/lib/input.js:
135:16) [C:\Users\sru
th\OneDrive\Desktop\p
roject robocat\fronte
nd\.next\build\chunks
\9e883_174fdf60._.js:
4651:22]
    at Root.error (fr
ontend/node_modules/p
ostcss/lib/node.js:14
6:32) [C:\Users\sruth
\OneDrive\Desktop\pro
ject robocat\frontend
\.next\build\chunks\9
e883_174fdf60._.js:92
8:38]
    [at Object.Once (
C:\Users\sruth\OneDri
ve\Desktop\project ro
bocat\frontend\node_m
odules\@tailwindcss\p
ostcss\dist\index.js:
10:6911)]
    [at process.proce
ssTicksAndRejections 
(node:internal/proces
s/task_queues:105:5)]
    at async 
LazyResult.runAsync (
frontend/node_modules
/postcss/lib/lazy-res
ult.js:293:11) [C:\Us
ers\sruth\OneDrive\De
sktop\project robocat
\frontend\.next\build
\chunks\9e883_174fdf6
0._.js:6206:21]
    at async 
transform (turbopack:
///[turbopack-node]/t
ransforms/postcss.ts:
70:34) [C:\Users\srut
h\OneDrive\Desktop\pr
oject robocat\fronten
d\.next\build\chunks\
[root-of-the-server]_
_188e9cb8._.js:146:36
]
    at async run (tur
bopack:///[turbopack-
node]/ipc/evaluate.ts
:92:23) [C:\Users\sru
th\OneDrive\Desktop\p
roject robocat\fronte
nd\.next\build\chunks
\[root-of-the-server]
__3b54a99d._.js:443:3
1]

Import trace:
  Client Component 
Browser:
    ./frontend/app/gl
obals.css [Client 
Component Browser]
    ./frontend/app/la
yout.tsx [Server 
Component]


    at async 
transform (turbopack:
///[turbopack-node]/t
ransforms/postcss.ts:
70:34) [C:\Users\srut
h\OneDrive\Desktop\pr
oject robocat\fronten
d\.next\build\chunks\
[root-of-the-server]_
_188e9cb8._.js:146:36
])
    at async run (tur
bopack:///[turbopack-
node]/ipc/evaluate.ts
:92:23) [C:\Users\sru
th\OneDrive\Desktop\p
roject robocat\fronte
nd\.next\build\chunks
\[root-of-the-server]
__3b54a99d._.js:443:3
1])
